// Jest Snapshot v1, https://goo.gl/fbAQLP

exports[`MessageList should render correctly with no props 1`] = `
<MemoryRouter
  keyLength={0}
>
  <Router
    history={
      Object {
        "action": "POP",
        "block": [Function],
        "canGo": [Function],
        "createHref": [Function],
        "entries": Array [
          Object {
            "hash": "",
            "pathname": "/",
            "search": "",
            "state": undefined,
          },
        ],
        "go": [Function],
        "goBack": [Function],
        "goForward": [Function],
        "index": 0,
        "length": 1,
        "listen": [Function],
        "location": Object {
          "hash": "",
          "pathname": "/",
          "search": "",
          "state": undefined,
        },
        "push": [Function],
        "replace": [Function],
      }
    }
  >
    <_default>
      <styled.div>
        <StyledComponent
          forwardedComponent={
            Object {
              "$$typeof": Symbol(react.forward_ref),
              "attrs": Array [],
              "componentStyle": ComponentStyle {
                "componentId": "sc-bdVaJa",
                "isStatic": false,
                "lastClassName": "lfPbSp",
                "rules": Array [
                  "
  margin: 24px;
  padding: 24px;
  min-height: calc(100% - 48px);
  background-color: #fff;
  overflow: hidden;

  header{
    display: flex;
    align-items: center;
    justify-content: space-between;
    width: 100%;
  }

  .ant-btn-link {
    padding-left: 0;
  }

  section {
    width: 100%;
    padding-top: 24px;
    overflow-x: scroll;
  }
",
                ],
              },
              "displayName": "styled.div",
              "foldedComponentIds": Array [],
              "render": [Function],
              "styledComponentId": "sc-bdVaJa",
              "target": "div",
              "toString": [Function],
              "warnTooManyClasses": [Function],
              "withComponent": [Function],
            }
          }
          forwardedRef={null}
        >
          <div
            className="sc-bdVaJa lfPbSp"
          >
            <header>
              <Title
                level={4}
              >
                <withConfigConsumer(Base)
                  component="h4"
                >
                  <Base
                    component="h4"
                    getPrefixCls={[Function]}
                    prefixCls="ant-typography"
                    renderEmpty={[Function]}
                  >
                    <LocaleReceiver
                      componentName="Text"
                    >
                      <ResizeObserver
                        disabled={true}
                        onResize={[Function]}
                      >
                        <Typography
                          className=""
                          component="h4"
                          style={
                            Object {
                              "WebkitLineClamp": null,
                            }
                          }
                        >
                          <h4
                            className="ant-typography"
                            style={
                              Object {
                                "WebkitLineClamp": null,
                              }
                            }
                          >
                            一覧
                          </h4>
                        </Typography>
                      </ResizeObserver>
                    </LocaleReceiver>
                  </Base>
                </withConfigConsumer(Base)>
              </Title>
              <Button
                block={false}
                ghost={false}
                htmlType="button"
                loading={false}
                onClick={[Function]}
                size="large"
                type="primary"
              >
                <Wave>
                  <button
                    className="ant-btn ant-btn-primary ant-btn-lg"
                    onClick={[Function]}
                    type="button"
                  >
                    <LoadingIcon
                      existIcon={false}
                      loading={false}
                      prefixCls="ant-btn"
                    >
                      <ForwardRef
                        motionName="ant-btn-loading-icon-motion"
                        onAppearActive={[Function]}
                        onAppearStart={[Function]}
                        onEnterActive={[Function]}
                        onEnterStart={[Function]}
                        onLeaveActive={[Function]}
                        onLeaveStart={[Function]}
                        removeOnLeave={true}
                        visible={false}
                      >
                        <CSSMotion
                          internalRef={null}
                          motionAppear={true}
                          motionEnter={true}
                          motionLeave={true}
                          motionName="ant-btn-loading-icon-motion"
                          onAppearActive={[Function]}
                          onAppearStart={[Function]}
                          onEnterActive={[Function]}
                          onEnterStart={[Function]}
                          onLeaveActive={[Function]}
                          onLeaveStart={[Function]}
                          removeOnLeave={true}
                          visible={false}
                        />
                      </ForwardRef>
                    </LoadingIcon>
                    <span
                      key=".0"
                    >
                      追 加
                    </span>
                  </button>
                </Wave>
              </Button>
            </header>
            <section>
              <Table
                bordered={true}
                columns={
                  Array [
                    Object {
                      "dataIndex": "id",
                      "key": "id",
                      "title": "ID",
                    },
                    Object {
                      "dataIndex": "content",
                      "key": "content",
                      "title": "内容",
                    },
                    Object {
                      "dataIndex": "address",
                      "key": "address",
                      "title": "都道府県",
                    },
                    Object {
                      "dataIndex": "createDate",
                      "key": "createDate",
                      "title": "登録日",
                    },
                  ]
                }
                dataSource={
                  Array [
                    Object {
                      "address": "address code",
                      "content": "text text text text text",
                      "createDate": "2020.04.30",
                      "id": 1,
                      "key": 1,
                    },
                  ]
                }
                loading={false}
                rowKey="key"
              >
                <div
                  className="ant-table-wrapper"
                >
                  <Spin
                    size="default"
                    spinning={false}
                    wrapperClassName=""
                  >
                    <div
                      className="ant-spin-nested-loading"
                    >
                      <div
                        className="ant-spin-container"
                        key="container"
                      >
                        <Table
                          bordered={true}
                          className="ant-table-bordered"
                          columns={
                            Array [
                              Object {
                                "dataIndex": "id",
                                "key": "id",
                                "title": "ID",
                              },
                              Object {
                                "dataIndex": "content",
                                "key": "content",
                                "title": "内容",
                              },
                              Object {
                                "dataIndex": "address",
                                "key": "address",
                                "title": "都道府県",
                              },
                              Object {
                                "dataIndex": "createDate",
                                "key": "createDate",
                                "title": "登録日",
                              },
                            ]
                          }
                          data={
                            Array [
                              Object {
                                "address": "address code",
                                "content": "text text text text text",
                                "createDate": "2020.04.30",
                                "id": 1,
                                "key": 1,
                              },
                            ]
                          }
                          dataSource={
                            Array [
                              Object {
                                "address": "address code",
                                "content": "text text text text text",
                                "createDate": "2020.04.30",
                                "id": 1,
                                "key": 1,
                              },
                            ]
                          }
                          emptyText={
                            <Context.Consumer>
                              [Function]
                            </Context.Consumer>
                          }
                          expandable={
                            Object {
                              "__PARENT_RENDER_ICON__": undefined,
                              "expandIcon": [Function],
                              "expandIconColumnIndex": undefined,
                              "indentSize": 15,
                            }
                          }
                          internalHooks="rc-table-internal-hook"
                          internalRefs={
                            Object {
                              "body": Object {
                                "current": <div
                                  class="ant-table-content"
                                >
                                  <table
                                    style="table-layout: auto;"
                                  >
                                    <colgroup />
                                    <thead
                                      class="ant-table-thead"
                                    >
                                      <tr>
                                        <th
                                          class="ant-table-cell"
                                        >
                                          ID
                                        </th>
                                        <th
                                          class="ant-table-cell"
                                        >
                                          内容
                                        </th>
                                        <th
                                          class="ant-table-cell"
                                        >
                                          都道府県
                                        </th>
                                        <th
                                          class="ant-table-cell"
                                        >
                                          登録日
                                        </th>
                                      </tr>
                                    </thead>
                                    <tbody
                                      class="ant-table-tbody"
                                    >
                                      <tr
                                        class="ant-table-row ant-table-row-level-0"
                                        data-row-key="1"
                                      >
                                        <td
                                          class="ant-table-cell"
                                        >
                                          1
                                        </td>
                                        <td
                                          class="ant-table-cell"
                                        >
                                          text text text text text
                                        </td>
                                        <td
                                          class="ant-table-cell"
                                        >
                                          address code
                                        </td>
                                        <td
                                          class="ant-table-cell"
                                        >
                                          2020.04.30
                                        </td>
                                      </tr>
                                    </tbody>
                                  </table>
                                </div>,
                              },
                            }
                          }
                          loading={false}
                          prefixCls="ant-table"
                          rowClassName={[Function]}
                          rowKey={[Function]}
                          transformColumns={[Function]}
                        >
                          <div
                            className="ant-table ant-table-bordered"
                          >
                            <Component
                              pingLeft={false}
                              pingRight={false}
                              props={
                                Object {
                                  "bordered": true,
                                  "className": "ant-table-bordered",
                                  "columns": Array [
                                    Object {
                                      "dataIndex": "id",
                                      "key": "id",
                                      "title": "ID",
                                    },
                                    Object {
                                      "dataIndex": "content",
                                      "key": "content",
                                      "title": "内容",
                                    },
                                    Object {
                                      "dataIndex": "address",
                                      "key": "address",
                                      "title": "都道府県",
                                    },
                                    Object {
                                      "dataIndex": "createDate",
                                      "key": "createDate",
                                      "title": "登録日",
                                    },
                                  ],
                                  "data": Array [
                                    Object {
                                      "address": "address code",
                                      "content": "text text text text text",
                                      "createDate": "2020.04.30",
                                      "id": 1,
                                      "key": 1,
                                    },
                                  ],
                                  "dataSource": Array [
                                    Object {
                                      "address": "address code",
                                      "content": "text text text text text",
                                      "createDate": "2020.04.30",
                                      "id": 1,
                                      "key": 1,
                                    },
                                  ],
                                  "direction": undefined,
                                  "emptyText": <Context.Consumer>
                                    [Function]
                                  </Context.Consumer>,
                                  "expandable": Object {
                                    "__PARENT_RENDER_ICON__": undefined,
                                    "expandIcon": [Function],
                                    "expandIconColumnIndex": undefined,
                                    "indentSize": 15,
                                  },
                                  "internalHooks": "rc-table-internal-hook",
                                  "internalRefs": Object {
                                    "body": Object {
                                      "current": <div
                                        class="ant-table-content"
                                      >
                                        <table
                                          style="table-layout: auto;"
                                        >
                                          <colgroup />
                                          <thead
                                            class="ant-table-thead"
                                          >
                                            <tr>
                                              <th
                                                class="ant-table-cell"
                                              >
                                                ID
                                              </th>
                                              <th
                                                class="ant-table-cell"
                                              >
                                                内容
                                              </th>
                                              <th
                                                class="ant-table-cell"
                                              >
                                                都道府県
                                              </th>
                                              <th
                                                class="ant-table-cell"
                                              >
                                                登録日
                                              </th>
                                            </tr>
                                          </thead>
                                          <tbody
                                            class="ant-table-tbody"
                                          >
                                            <tr
                                              class="ant-table-row ant-table-row-level-0"
                                              data-row-key="1"
                                            >
                                              <td
                                                class="ant-table-cell"
                                              >
                                                1
                                              </td>
                                              <td
                                                class="ant-table-cell"
                                              >
                                                text text text text text
                                              </td>
                                              <td
                                                class="ant-table-cell"
                                              >
                                                address code
                                              </td>
                                              <td
                                                class="ant-table-cell"
                                              >
                                                2020.04.30
                                              </td>
                                            </tr>
                                          </tbody>
                                        </table>
                                      </div>,
                                    },
                                  },
                                  "loading": false,
                                  "mergedExpandedKeys": Set {},
                                  "prefixCls": "ant-table",
                                  "rowClassName": [Function],
                                  "rowKey": [Function],
                                  "stickyOffsets": Object {
                                    "left": Array [
                                      0,
                                      0,
                                      0,
                                      0,
                                    ],
                                    "right": Array [
                                      0,
                                      0,
                                      0,
                                      0,
                                    ],
                                  },
                                  "transformColumns": [Function],
                                }
                              }
                            >
                              <div
                                className="ant-table-container"
                              >
                                <div
                                  className="ant-table-content"
                                  onScroll={[Function]}
                                  style={Object {}}
                                >
                                  <table
                                    style={
                                      Object {
                                        "tableLayout": "auto",
                                      }
                                    }
                                  >
                                    <ColGroup
                                      colWidths={
                                        Array [
                                          undefined,
                                          undefined,
                                          undefined,
                                          undefined,
                                        ]
                                      }
                                      columns={
                                        Array [
                                          Object {
                                            "dataIndex": "id",
                                            "fixed": undefined,
                                            "key": "id",
                                            "title": "ID",
                                          },
                                          Object {
                                            "dataIndex": "content",
                                            "fixed": undefined,
                                            "key": "content",
                                            "title": "内容",
                                          },
                                          Object {
                                            "dataIndex": "address",
                                            "fixed": undefined,
                                            "key": "address",
                                            "title": "都道府県",
                                          },
                                          Object {
                                            "dataIndex": "createDate",
                                            "fixed": undefined,
                                            "key": "createDate",
                                            "title": "登録日",
                                          },
                                        ]
                                      }
                                    >
                                      <colgroup />
                                    </ColGroup>
                                    <Header
                                      colWidths={
                                        Array [
                                          undefined,
                                          undefined,
                                          undefined,
                                          undefined,
                                        ]
                                      }
                                      columCount={4}
                                      columns={
                                        Array [
                                          Object {
                                            "dataIndex": "id",
                                            "key": "id",
                                            "title": "ID",
                                          },
                                          Object {
                                            "dataIndex": "content",
                                            "key": "content",
                                            "title": "内容",
                                          },
                                          Object {
                                            "dataIndex": "address",
                                            "key": "address",
                                            "title": "都道府県",
                                          },
                                          Object {
                                            "dataIndex": "createDate",
                                            "key": "createDate",
                                            "title": "登録日",
                                          },
                                        ]
                                      }
                                      flattenColumns={
                                        Array [
                                          Object {
                                            "dataIndex": "id",
                                            "fixed": undefined,
                                            "key": "id",
                                            "title": "ID",
                                          },
                                          Object {
                                            "dataIndex": "content",
                                            "fixed": undefined,
                                            "key": "content",
                                            "title": "内容",
                                          },
                                          Object {
                                            "dataIndex": "address",
                                            "fixed": undefined,
                                            "key": "address",
                                            "title": "都道府県",
                                          },
                                          Object {
                                            "dataIndex": "createDate",
                                            "fixed": undefined,
                                            "key": "createDate",
                                            "title": "登録日",
                                          },
                                        ]
                                      }
                                      stickyOffsets={
                                        Object {
                                          "left": Array [
                                            0,
                                            0,
                                            0,
                                            0,
                                          ],
                                          "right": Array [
                                            0,
                                            0,
                                            0,
                                            0,
                                          ],
                                        }
                                      }
                                    >
                                      <thead
                                        className="ant-table-thead"
                                      >
                                        <HeaderRow
                                          cellComponent="th"
                                          cells={
                                            Array [
                                              Object {
                                                "children": "ID",
                                                "className": "",
                                                "colEnd": 0,
                                                "colSpan": 1,
                                                "colStart": 0,
                                                "column": Object {
                                                  "dataIndex": "id",
                                                  "key": "id",
                                                  "title": "ID",
                                                },
                                                "key": "id",
                                                "rowSpan": 1,
                                              },
                                              Object {
                                                "children": "内容",
                                                "className": "",
                                                "colEnd": 1,
                                                "colSpan": 1,
                                                "colStart": 1,
                                                "column": Object {
                                                  "dataIndex": "content",
                                                  "key": "content",
                                                  "title": "内容",
                                                },
                                                "key": "content",
                                                "rowSpan": 1,
                                              },
                                              Object {
                                                "children": "都道府県",
                                                "className": "",
                                                "colEnd": 2,
                                                "colSpan": 1,
                                                "colStart": 2,
                                                "column": Object {
                                                  "dataIndex": "address",
                                                  "key": "address",
                                                  "title": "都道府県",
                                                },
                                                "key": "address",
                                                "rowSpan": 1,
                                              },
                                              Object {
                                                "children": "登録日",
                                                "className": "",
                                                "colEnd": 3,
                                                "colSpan": 1,
                                                "colStart": 3,
                                                "column": Object {
                                                  "dataIndex": "createDate",
                                                  "key": "createDate",
                                                  "title": "登録日",
                                                },
                                                "key": "createDate",
                                                "rowSpan": 1,
                                              },
                                            ]
                                          }
                                          flattenColumns={
                                            Array [
                                              Object {
                                                "dataIndex": "id",
                                                "fixed": undefined,
                                                "key": "id",
                                                "title": "ID",
                                              },
                                              Object {
                                                "dataIndex": "content",
                                                "fixed": undefined,
                                                "key": "content",
                                                "title": "内容",
                                              },
                                              Object {
                                                "dataIndex": "address",
                                                "fixed": undefined,
                                                "key": "address",
                                                "title": "都道府県",
                                              },
                                              Object {
                                                "dataIndex": "createDate",
                                                "fixed": undefined,
                                                "key": "createDate",
                                                "title": "登録日",
                                              },
                                            ]
                                          }
                                          index={0}
                                          key="0"
                                          rowComponent="tr"
                                          stickyOffsets={
                                            Object {
                                              "left": Array [
                                                0,
                                                0,
                                                0,
                                                0,
                                              ],
                                              "right": Array [
                                                0,
                                                0,
                                                0,
                                                0,
                                              ],
                                            }
                                          }
                                        >
                                          <tr>
                                            <Cell
                                              className=""
                                              colEnd={0}
                                              colSpan={1}
                                              colStart={0}
                                              column={
                                                Object {
                                                  "dataIndex": "id",
                                                  "key": "id",
                                                  "title": "ID",
                                                }
                                              }
                                              component="th"
                                              firstFixLeft={false}
                                              firstFixRight={false}
                                              key="id"
                                              lastFixLeft={false}
                                              lastFixRight={false}
                                              prefixCls="ant-table"
                                              rowSpan={1}
                                            >
                                              <th
                                                className="ant-table-cell"
                                                colSpan={null}
                                                rowSpan={null}
                                                style={Object {}}
                                              >
                                                ID
                                              </th>
                                            </Cell>
                                            <Cell
                                              className=""
                                              colEnd={1}
                                              colSpan={1}
                                              colStart={1}
                                              column={
                                                Object {
                                                  "dataIndex": "content",
                                                  "key": "content",
                                                  "title": "内容",
                                                }
                                              }
                                              component="th"
                                              firstFixLeft={false}
                                              firstFixRight={false}
                                              key="content"
                                              lastFixLeft={false}
                                              lastFixRight={false}
                                              prefixCls="ant-table"
                                              rowSpan={1}
                                            >
                                              <th
                                                className="ant-table-cell"
                                                colSpan={null}
                                                rowSpan={null}
                                                style={Object {}}
                                              >
                                                内容
                                              </th>
                                            </Cell>
                                            <Cell
                                              className=""
                                              colEnd={2}
                                              colSpan={1}
                                              colStart={2}
                                              column={
                                                Object {
                                                  "dataIndex": "address",
                                                  "key": "address",
                                                  "title": "都道府県",
                                                }
                                              }
                                              component="th"
                                              firstFixLeft={false}
                                              firstFixRight={false}
                                              key="address"
                                              lastFixLeft={false}
                                              lastFixRight={false}
                                              prefixCls="ant-table"
                                              rowSpan={1}
                                            >
                                              <th
                                                className="ant-table-cell"
                                                colSpan={null}
                                                rowSpan={null}
                                                style={Object {}}
                                              >
                                                都道府県
                                              </th>
                                            </Cell>
                                            <Cell
                                              className=""
                                              colEnd={3}
                                              colSpan={1}
                                              colStart={3}
                                              column={
                                                Object {
                                                  "dataIndex": "createDate",
                                                  "key": "createDate",
                                                  "title": "登録日",
                                                }
                                              }
                                              component="th"
                                              firstFixLeft={false}
                                              firstFixRight={false}
                                              key="createDate"
                                              lastFixLeft={false}
                                              lastFixRight={false}
                                              prefixCls="ant-table"
                                              rowSpan={1}
                                            >
                                              <th
                                                className="ant-table-cell"
                                                colSpan={null}
                                                rowSpan={null}
                                                style={Object {}}
                                              >
                                                登録日
                                              </th>
                                            </Cell>
                                          </tr>
                                        </HeaderRow>
                                      </thead>
                                    </Header>
                                    <Body
                                      childrenColumnName="children"
                                      data={
                                        Array [
                                          Object {
                                            "address": "address code",
                                            "content": "text text text text text",
                                            "createDate": "2020.04.30",
                                            "id": 1,
                                            "key": 1,
                                          },
                                        ]
                                      }
                                      emptyNode={null}
                                      expandedKeys={Set {}}
                                      getRowKey={[Function]}
                                      stickyOffsets={
                                        Object {
                                          "left": Array [
                                            0,
                                            0,
                                            0,
                                            0,
                                          ],
                                          "right": Array [
                                            0,
                                            0,
                                            0,
                                            0,
                                          ],
                                        }
                                      }
                                    >
                                      <tbody
                                        className="ant-table-tbody"
                                      >
                                        <BodyRow
                                          cellComponent="td"
                                          childrenColumnName="children"
                                          expandedKeys={Set {}}
                                          getRowKey={[Function]}
                                          index={0}
                                          key="1"
                                          record={
                                            Object {
                                              "address": "address code",
                                              "content": "text text text text text",
                                              "createDate": "2020.04.30",
                                              "id": 1,
                                              "key": 1,
                                            }
                                          }
                                          recordKey={1}
                                          rowComponent="tr"
                                          rowKey={1}
                                          stickyOffsets={
                                            Object {
                                              "left": Array [
                                                0,
                                                0,
                                                0,
                                                0,
                                              ],
                                              "right": Array [
                                                0,
                                                0,
                                                0,
                                                0,
                                              ],
                                            }
                                          }
                                        >
                                          <tr
                                            className="ant-table-row ant-table-row-level-0"
                                            data-row-key={1}
                                            onClick={[Function]}
                                            style={Object {}}
                                          >
                                            <Cell
                                              component="td"
                                              dataIndex="id"
                                              firstFixLeft={false}
                                              firstFixRight={false}
                                              index={0}
                                              key="id"
                                              lastFixLeft={false}
                                              lastFixRight={false}
                                              prefixCls="ant-table"
                                              record={
                                                Object {
                                                  "address": "address code",
                                                  "content": "text text text text text",
                                                  "createDate": "2020.04.30",
                                                  "id": 1,
                                                  "key": 1,
                                                }
                                              }
                                            >
                                              <td
                                                className="ant-table-cell"
                                                colSpan={null}
                                                rowSpan={null}
                                                style={Object {}}
                                              >
                                                1
                                              </td>
                                            </Cell>
                                            <Cell
                                              component="td"
                                              dataIndex="content"
                                              firstFixLeft={false}
                                              firstFixRight={false}
                                              index={0}
                                              key="content"
                                              lastFixLeft={false}
                                              lastFixRight={false}
                                              prefixCls="ant-table"
                                              record={
                                                Object {
                                                  "address": "address code",
                                                  "content": "text text text text text",
                                                  "createDate": "2020.04.30",
                                                  "id": 1,
                                                  "key": 1,
                                                }
                                              }
                                            >
                                              <td
                                                className="ant-table-cell"
                                                colSpan={null}
                                                rowSpan={null}
                                                style={Object {}}
                                              >
                                                text text text text text
                                              </td>
                                            </Cell>
                                            <Cell
                                              component="td"
                                              dataIndex="address"
                                              firstFixLeft={false}
                                              firstFixRight={false}
                                              index={0}
                                              key="address"
                                              lastFixLeft={false}
                                              lastFixRight={false}
                                              prefixCls="ant-table"
                                              record={
                                                Object {
                                                  "address": "address code",
                                                  "content": "text text text text text",
                                                  "createDate": "2020.04.30",
                                                  "id": 1,
                                                  "key": 1,
                                                }
                                              }
                                            >
                                              <td
                                                className="ant-table-cell"
                                                colSpan={null}
                                                rowSpan={null}
                                                style={Object {}}
                                              >
                                                address code
                                              </td>
                                            </Cell>
                                            <Cell
                                              component="td"
                                              dataIndex="createDate"
                                              firstFixLeft={false}
                                              firstFixRight={false}
                                              index={0}
                                              key="createDate"
                                              lastFixLeft={false}
                                              lastFixRight={false}
                                              prefixCls="ant-table"
                                              record={
                                                Object {
                                                  "address": "address code",
                                                  "content": "text text text text text",
                                                  "createDate": "2020.04.30",
                                                  "id": 1,
                                                  "key": 1,
                                                }
                                              }
                                            >
                                              <td
                                                className="ant-table-cell"
                                                colSpan={null}
                                                rowSpan={null}
                                                style={Object {}}
                                              >
                                                2020.04.30
                                              </td>
                                            </Cell>
                                          </tr>
                                        </BodyRow>
                                      </tbody>
                                    </Body>
                                  </table>
                                </div>
                              </div>
                            </Component>
                          </div>
                        </Table>
                        <Pagination
                          className="ant-table-pagination ant-table-pagination-right"
                          current={1}
                          onChange={[Function]}
                          onShowSizeChange={[Function]}
                          pageSize={10}
                          total={1}
                        >
                          <LocaleReceiver
                            componentName="Pagination"
                            defaultLocale={
                              Object {
                                "items_per_page": "/ page",
                                "jump_to": "Go to",
                                "jump_to_confirm": "confirm",
                                "next_3": "Next 3 Pages",
                                "next_5": "Next 5 Pages",
                                "next_page": "Next Page",
                                "page": "",
                                "prev_3": "Previous 3 Pages",
                                "prev_5": "Previous 5 Pages",
                                "prev_page": "Previous Page",
                              }
                            }
                          >
                            <Pagination
                              className="ant-table-pagination ant-table-pagination-right"
                              current={1}
                              defaultCurrent={1}
                              defaultPageSize={10}
                              hideOnSinglePage={false}
                              itemRender={[Function]}
                              jumpNextIcon={
                                <a
                                  className="ant-pagination-item-link"
                                >
                                  <div
                                    className="ant-pagination-item-container"
                                  >
                                    <ForwardRef(DoubleRightOutlined)
                                      className="ant-pagination-item-link-icon"
                                    />
                                    <span
                                      className="ant-pagination-item-ellipsis"
                                    >
                                      •••
                                    </span>
                                  </div>
                                </a>
                              }
                              jumpPrevIcon={
                                <a
                                  className="ant-pagination-item-link"
                                >
                                  <div
                                    className="ant-pagination-item-container"
                                  >
                                    <ForwardRef(DoubleLeftOutlined)
                                      className="ant-pagination-item-link-icon"
                                    />
                                    <span
                                      className="ant-pagination-item-ellipsis"
                                    >
                                      •••
                                    </span>
                                  </div>
                                </a>
                              }
                              locale={
                                Object {
                                  "items_per_page": "/ page",
                                  "jump_to": "Go to",
                                  "jump_to_confirm": "confirm",
                                  "next_3": "Next 3 Pages",
                                  "next_5": "Next 5 Pages",
                                  "next_page": "Next Page",
                                  "page": "",
                                  "prev_3": "Previous 3 Pages",
                                  "prev_5": "Previous 5 Pages",
                                  "prev_page": "Previous Page",
                                }
                              }
                              nextIcon={
                                <a
                                  className="ant-pagination-item-link"
                                >
                                  <ForwardRef(RightOutlined) />
                                </a>
                              }
                              onChange={[Function]}
                              onShowSizeChange={[Function]}
                              pageSize={10}
                              prefixCls="ant-pagination"
                              prevIcon={
                                <a
                                  className="ant-pagination-item-link"
                                >
                                  <ForwardRef(LeftOutlined) />
                                </a>
                              }
                              selectComponentClass={[Function]}
                              selectPrefixCls="ant-select"
                              showLessItems={false}
                              showPrevNextJumpers={true}
                              showQuickJumper={false}
                              showTitle={true}
                              style={Object {}}
                              total={1}
                              totalBoundaryShowSizeChanger={50}
                            >
                              <ul
                                className="ant-pagination ant-table-pagination ant-table-pagination-right"
                                style={Object {}}
                                unselectable="unselectable"
                              >
                                <li
                                  aria-disabled={true}
                                  className="ant-pagination-prev ant-pagination-disabled"
                                  onClick={[Function]}
                                  onKeyPress={[Function]}
                                  tabIndex={null}
                                  title="Previous Page"
                                >
                                  <a
                                    className="ant-pagination-item-link"
                                    disabled={true}
                                  >
                                    <ForwardRef(LeftOutlined)>
                                      <AntdIcon
                                        icon={
                                          Object {
                                            "icon": Object {
                                              "attrs": Object {
                                                "focusable": "false",
                                                "viewBox": "64 64 896 896",
                                              },
                                              "children": Array [
                                                Object {
                                                  "attrs": Object {
                                                    "d": "M724 218.3V141c0-6.7-7.7-10.4-12.9-6.3L260.3 486.8a31.86 31.86 0 000 50.3l450.8 352.1c5.3 4.1 12.9.4 12.9-6.3v-77.3c0-4.9-2.3-9.6-6.1-12.6l-360-281 360-281.1c3.8-3 6.1-7.7 6.1-12.6z",
                                                  },
                                                  "tag": "path",
                                                },
                                              ],
                                              "tag": "svg",
                                            },
                                            "name": "left",
                                            "theme": "outlined",
                                          }
                                        }
                                      >
                                        <span
                                          aria-label="left"
                                          className="anticon anticon-left"
                                          role="img"
                                        >
                                          <IconReact
                                            className=""
                                            icon={
                                              Object {
                                                "icon": Object {
                                                  "attrs": Object {
                                                    "focusable": "false",
                                                    "viewBox": "64 64 896 896",
                                                  },
                                                  "children": Array [
                                                    Object {
                                                      "attrs": Object {
                                                        "d": "M724 218.3V141c0-6.7-7.7-10.4-12.9-6.3L260.3 486.8a31.86 31.86 0 000 50.3l450.8 352.1c5.3 4.1 12.9.4 12.9-6.3v-77.3c0-4.9-2.3-9.6-6.1-12.6l-360-281 360-281.1c3.8-3 6.1-7.7 6.1-12.6z",
                                                      },
                                                      "tag": "path",
                                                    },
                                                  ],
                                                  "tag": "svg",
                                                },
                                                "name": "left",
                                                "theme": "outlined",
                                              }
                                            }
                                          >
                                            <svg
                                              aria-hidden="true"
                                              className=""
                                              data-icon="left"
                                              fill="currentColor"
                                              focusable="false"
                                              height="1em"
                                              key="svg-left"
                                              viewBox="64 64 896 896"
                                              width="1em"
                                            >
                                              <path
                                                d="M724 218.3V141c0-6.7-7.7-10.4-12.9-6.3L260.3 486.8a31.86 31.86 0 000 50.3l450.8 352.1c5.3 4.1 12.9.4 12.9-6.3v-77.3c0-4.9-2.3-9.6-6.1-12.6l-360-281 360-281.1c3.8-3 6.1-7.7 6.1-12.6z"
                                                key="svg-left-svg-0"
                                              />
                                            </svg>
                                          </IconReact>
                                        </span>
                                      </AntdIcon>
                                    </ForwardRef(LeftOutlined)>
                                  </a>
                                </li>
                                <Pager
                                  active={true}
                                  itemRender={[Function]}
                                  key="1"
                                  locale={
                                    Object {
                                      "items_per_page": "/ page",
                                      "jump_to": "Go to",
                                      "jump_to_confirm": "confirm",
                                      "next_3": "Next 3 Pages",
                                      "next_5": "Next 5 Pages",
                                      "next_page": "Next Page",
                                      "page": "",
                                      "prev_3": "Previous 3 Pages",
                                      "prev_5": "Previous 5 Pages",
                                      "prev_page": "Previous Page",
                                    }
                                  }
                                  onClick={[Function]}
                                  onKeyPress={[Function]}
                                  page={1}
                                  rootPrefixCls="ant-pagination"
                                  showTitle={true}
                                >
                                  <li
                                    className="ant-pagination-item ant-pagination-item-1 ant-pagination-item-active"
                                    onClick={[Function]}
                                    onKeyPress={[Function]}
                                    tabIndex="0"
                                    title={1}
                                  >
                                    <a>
                                      1
                                    </a>
                                  </li>
                                </Pager>
                                <li
                                  aria-disabled={true}
                                  className="ant-pagination-next ant-pagination-disabled"
                                  onClick={[Function]}
                                  onKeyPress={[Function]}
                                  tabIndex={null}
                                  title="Next Page"
                                >
                                  <a
                                    className="ant-pagination-item-link"
                                    disabled={true}
                                  >
                                    <ForwardRef(RightOutlined)>
                                      <AntdIcon
                                        icon={
                                          Object {
                                            "icon": Object {
                                              "attrs": Object {
                                                "focusable": "false",
                                                "viewBox": "64 64 896 896",
                                              },
                                              "children": Array [
                                                Object {
                                                  "attrs": Object {
                                                    "d": "M765.7 486.8L314.9 134.7A7.97 7.97 0 00302 141v77.3c0 4.9 2.3 9.6 6.1 12.6l360 281.1-360 281.1c-3.9 3-6.1 7.7-6.1 12.6V883c0 6.7 7.7 10.4 12.9 6.3l450.8-352.1a31.96 31.96 0 000-50.4z",
                                                  },
                                                  "tag": "path",
                                                },
                                              ],
                                              "tag": "svg",
                                            },
                                            "name": "right",
                                            "theme": "outlined",
                                          }
                                        }
                                      >
                                        <span
                                          aria-label="right"
                                          className="anticon anticon-right"
                                          role="img"
                                        >
                                          <IconReact
                                            className=""
                                            icon={
                                              Object {
                                                "icon": Object {
                                                  "attrs": Object {
                                                    "focusable": "false",
                                                    "viewBox": "64 64 896 896",
                                                  },
                                                  "children": Array [
                                                    Object {
                                                      "attrs": Object {
                                                        "d": "M765.7 486.8L314.9 134.7A7.97 7.97 0 00302 141v77.3c0 4.9 2.3 9.6 6.1 12.6l360 281.1-360 281.1c-3.9 3-6.1 7.7-6.1 12.6V883c0 6.7 7.7 10.4 12.9 6.3l450.8-352.1a31.96 31.96 0 000-50.4z",
                                                      },
                                                      "tag": "path",
                                                    },
                                                  ],
                                                  "tag": "svg",
                                                },
                                                "name": "right",
                                                "theme": "outlined",
                                              }
                                            }
                                          >
                                            <svg
                                              aria-hidden="true"
                                              className=""
                                              data-icon="right"
                                              fill="currentColor"
                                              focusable="false"
                                              height="1em"
                                              key="svg-right"
                                              viewBox="64 64 896 896"
                                              width="1em"
                                            >
                                              <path
                                                d="M765.7 486.8L314.9 134.7A7.97 7.97 0 00302 141v77.3c0 4.9 2.3 9.6 6.1 12.6l360 281.1-360 281.1c-3.9 3-6.1 7.7-6.1 12.6V883c0 6.7 7.7 10.4 12.9 6.3l450.8-352.1a31.96 31.96 0 000-50.4z"
                                                key="svg-right-svg-0"
                                              />
                                            </svg>
                                          </IconReact>
                                        </span>
                                      </AntdIcon>
                                    </ForwardRef(RightOutlined)>
                                  </a>
                                </li>
                                <Options
                                  changeSize={null}
                                  current={1}
                                  goButton={false}
                                  locale={
                                    Object {
                                      "items_per_page": "/ page",
                                      "jump_to": "Go to",
                                      "jump_to_confirm": "confirm",
                                      "next_3": "Next 3 Pages",
                                      "next_5": "Next 5 Pages",
                                      "next_page": "Next Page",
                                      "page": "",
                                      "prev_3": "Previous 3 Pages",
                                      "prev_5": "Previous 5 Pages",
                                      "prev_page": "Previous Page",
                                    }
                                  }
                                  pageSize={10}
                                  pageSizeOptions={
                                    Array [
                                      "10",
                                      "20",
                                      "50",
                                      "100",
                                    ]
                                  }
                                  quickGo={null}
                                  rootPrefixCls="ant-pagination"
                                  selectComponentClass={[Function]}
                                  selectPrefixCls="ant-select"
                                />
                              </ul>
                            </Pagination>
                          </LocaleReceiver>
                        </Pagination>
                      </div>
                    </div>
                  </Spin>
                </div>
              </Table>
            </section>
          </div>
        </StyledComponent>
      </styled.div>
    </_default>
  </Router>
</MemoryRouter>
`;
