// Jest Snapshot v1, https://goo.gl/fbAQLP

exports[`MessageList should render correctly 1`] = `
<Provider
  store={
    Object {
      "clearActions": [Function],
      "dispatch": [Function],
      "getActions": [Function],
      "getState": [Function],
      "replaceReducer": [Function],
      "subscribe": [Function],
    }
  }
>
  <MemoryRouter
    keyLength={0}
  >
    <Router
      history={
        Object {
          "action": "POP",
          "block": [Function],
          "canGo": [Function],
          "createHref": [Function],
          "entries": Array [
            Object {
              "hash": "",
              "pathname": "/",
              "search": "",
              "state": undefined,
            },
          ],
          "go": [Function],
          "goBack": [Function],
          "goForward": [Function],
          "index": 0,
          "length": 1,
          "listen": [Function],
          "location": Object {
            "hash": "",
            "pathname": "/",
            "search": "",
            "state": undefined,
          },
          "push": [Function],
          "replace": [Function],
        }
      }
    >
      <_default>
        <styled.div>
          <StyledComponent
            forwardedComponent={
              Object {
                "$$typeof": Symbol(react.forward_ref),
                "attrs": Array [],
                "componentStyle": ComponentStyle {
                  "componentId": "sc-bdVaJa",
                  "isStatic": false,
                  "lastClassName": "ecfRed",
                  "rules": Array [
                    "
  margin: 24px;
  padding: 24px;
  min-height: calc(100% - 48px);
  background-color: #fff;
  overflow: hidden;

  header{
    display: flex;
    align-items: center;
    justify-content: space-between;
    width: 100%;

    &.flex-end {
      justify-content: flex-end;
    }
  }

  p {
    white-space: pre-wrap;
  }

  .ant-btn-link {
    padding-left: 0;
  }

  section {
    width: 100%;
    padding-top: 24px;
    overflow-x: auto;
  }

  .ant-table {
    border: 1px solid #f0f0f0;
    border-bottom: none;
  }
",
                  ],
                },
                "displayName": "styled.div",
                "foldedComponentIds": Array [],
                "render": [Function],
                "styledComponentId": "sc-bdVaJa",
                "target": "div",
                "toString": [Function],
                "warnTooManyClasses": [Function],
                "withComponent": [Function],
              }
            }
            forwardedRef={null}
          >
            <div
              className="sc-bdVaJa ecfRed"
            >
              <header>
                <Title
                  level={3}
                >
                  <withConfigConsumer(Base)
                    component="h3"
                  >
                    <Base
                      component="h3"
                      getPrefixCls={[Function]}
                      prefixCls="ant-typography"
                      renderEmpty={[Function]}
                    >
                      <LocaleReceiver
                        componentName="Text"
                      >
                        <ResizeObserver
                          disabled={true}
                          onResize={[Function]}
                        >
                          <Typography
                            className=""
                            component="h3"
                            style={
                              Object {
                                "WebkitLineClamp": null,
                              }
                            }
                          >
                            <h3
                              className="ant-typography"
                              style={
                                Object {
                                  "WebkitLineClamp": null,
                                }
                              }
                            >
                              都道府県お知らせ一覧
                            </h3>
                          </Typography>
                        </ResizeObserver>
                      </LocaleReceiver>
                    </Base>
                  </withConfigConsumer(Base)>
                </Title>
              </header>
              <p>
                URLに入力がない場合は ID:0 のURLをデフォルト表示します。
デフォルトのURLにしたい場合は、編集ボタンを押してURLをすべて消去し、保存ボタンを押してください。
              </p>
              <section>
                <_default
                  columns={
                    Array [
                      Object {
                        "dataIndex": "id",
                        "editable": false,
                        "key": "id",
                        "title": "ID",
                      },
                      Object {
                        "dataIndex": "url",
                        "editable": true,
                        "key": "url",
                        "title": "URL",
                      },
                      Object {
                        "dataIndex": "id",
                        "editable": false,
                        "key": "id",
                        "render": [Function],
                        "title": "都道府県",
                      },
                    ]
                  }
                  editItem={[Function]}
                  loading={false}
                >
                  <ForwardRef(InternalForm)
                    component={false}
                    form={
                      Object {
                        "__INTERNAL__": Object {
                          "name": undefined,
                        },
                        "getFieldError": [Function],
                        "getFieldValue": [Function],
                        "getFieldsError": [Function],
                        "getFieldsValue": [Function],
                        "getInternalHooks": [Function],
                        "isFieldTouched": [Function],
                        "isFieldValidating": [Function],
                        "isFieldsTouched": [Function],
                        "isFieldsValidating": [Function],
                        "resetFields": [Function],
                        "scrollToField": [Function],
                        "setFields": [Function],
                        "setFieldsValue": [Function],
                        "submit": [Function],
                        "validateFields": [Function],
                      }
                    }
                  >
                    <SizeContextProvider>
                      <ForwardRef(Form)
                        className="ant-form ant-form-horizontal"
                        component={false}
                        form={
                          Object {
                            "__INTERNAL__": Object {
                              "name": undefined,
                            },
                            "getFieldError": [Function],
                            "getFieldValue": [Function],
                            "getFieldsError": [Function],
                            "getFieldsValue": [Function],
                            "getInternalHooks": [Function],
                            "isFieldTouched": [Function],
                            "isFieldValidating": [Function],
                            "isFieldsTouched": [Function],
                            "isFieldsValidating": [Function],
                            "resetFields": [Function],
                            "scrollToField": [Function],
                            "setFields": [Function],
                            "setFieldsValue": [Function],
                            "submit": [Function],
                            "validateFields": [Function],
                          }
                        }
                        onFinishFailed={[Function]}
                      >
                        <Table
                          columns={
                            Array [
                              Object {
                                "dataIndex": "id",
                                "editable": false,
                                "key": "id",
                                "title": "ID",
                              },
                              Object {
                                "dataIndex": "url",
                                "editable": true,
                                "key": "url",
                                "onCell": [Function],
                                "title": "URL",
                              },
                              Object {
                                "dataIndex": "id",
                                "editable": false,
                                "key": "id",
                                "render": [Function],
                                "title": "都道府県",
                              },
                              Object {
                                "dataIndex": "operation",
                                "editable": false,
                                "render": [Function],
                                "title": "操作",
                                "width": "14rem",
                              },
                            ]
                          }
                          components={
                            Object {
                              "body": Object {
                                "cell": [Function],
                              },
                            }
                          }
                          loading={false}
                          pagination={false}
                          rowClassName="editable-row"
                          rowKey={[Function]}
                        >
                          <div
                            className="ant-table-wrapper"
                          >
                            <Spin
                              size="default"
                              spinning={false}
                              wrapperClassName=""
                            >
                              <div
                                className="ant-spin-nested-loading"
                              >
                                <div
                                  className="ant-spin-container"
                                  key="container"
                                >
                                  <Table
                                    className=""
                                    columns={
                                      Array [
                                        Object {
                                          "dataIndex": "id",
                                          "editable": false,
                                          "key": "id",
                                          "title": "ID",
                                        },
                                        Object {
                                          "dataIndex": "url",
                                          "editable": true,
                                          "key": "url",
                                          "onCell": [Function],
                                          "title": "URL",
                                        },
                                        Object {
                                          "dataIndex": "id",
                                          "editable": false,
                                          "key": "id",
                                          "render": [Function],
                                          "title": "都道府県",
                                        },
                                        Object {
                                          "dataIndex": "operation",
                                          "editable": false,
                                          "render": [Function],
                                          "title": "操作",
                                          "width": "14rem",
                                        },
                                      ]
                                    }
                                    components={
                                      Object {
                                        "body": Object {
                                          "cell": [Function],
                                        },
                                      }
                                    }
                                    data={Array []}
                                    emptyText={
                                      <Context.Consumer>
                                        [Function]
                                      </Context.Consumer>
                                    }
                                    expandable={
                                      Object {
                                        "__PARENT_RENDER_ICON__": undefined,
                                        "expandIcon": [Function],
                                        "expandIconColumnIndex": undefined,
                                        "indentSize": 15,
                                      }
                                    }
                                    internalHooks="rc-table-internal-hook"
                                    internalRefs={
                                      Object {
                                        "body": Object {
                                          "current": <div
                                            class="ant-table-content"
                                          >
                                            <table
                                              style="table-layout: auto;"
                                            >
                                              <colgroup>
                                                <col />
                                                <col />
                                                <col />
                                                <col
                                                  style="width: 14rem; min-width: 14rem;"
                                                />
                                              </colgroup>
                                              <thead
                                                class="ant-table-thead"
                                              >
                                                <tr>
                                                  <th
                                                    class="ant-table-cell"
                                                  >
                                                    ID
                                                  </th>
                                                  <th
                                                    class="ant-table-cell"
                                                  >
                                                    URL
                                                  </th>
                                                  <th
                                                    class="ant-table-cell"
                                                  >
                                                    都道府県
                                                  </th>
                                                  <th
                                                    class="ant-table-cell"
                                                  >
                                                    操作
                                                  </th>
                                                </tr>
                                              </thead>
                                              <tbody
                                                class="ant-table-tbody"
                                              >
                                                <tr
                                                  class="ant-table-placeholder"
                                                >
                                                  <td
                                                    class="ant-table-cell"
                                                    colspan="4"
                                                  >
                                                    <div
                                                      class="ant-empty ant-empty-normal"
                                                    >
                                                      <div
                                                        class="ant-empty-image"
                                                      >
                                                        <svg
                                                          class="ant-empty-img-simple"
                                                          height="41"
                                                          viewBox="0 0 64 41"
                                                          width="64"
                                                          xmlns="http://www.w3.org/2000/svg"
                                                        >
                                                          <g
                                                            fill="none"
                                                            fill-rule="evenodd"
                                                            transform="translate(0 1)"
                                                          >
                                                            <ellipse
                                                              class="ant-empty-img-simple-ellipse"
                                                              cx="32"
                                                              cy="33"
                                                              rx="32"
                                                              ry="7"
                                                            />
                                                            <g
                                                              class="ant-empty-img-simple-g"
                                                              fill-rule="nonzero"
                                                            >
                                                              <path
                                                                d="M55 12.76L44.854 1.258C44.367.474 43.656 0 42.907 0H21.093c-.749 0-1.46.474-1.947 1.257L9 12.761V22h46v-9.24z"
                                                              />
                                                              <path
                                                                class="ant-empty-img-simple-path"
                                                                d="M41.613 15.931c0-1.605.994-2.93 2.227-2.931H55v18.137C55 33.26 53.68 35 52.05 35h-40.1C10.32 35 9 33.259 9 31.137V13h11.16c1.233 0 2.227 1.323 2.227 2.928v.022c0 1.605 1.005 2.901 2.237 2.901h14.752c1.232 0 2.237-1.308 2.237-2.913v-.007z"
                                                              />
                                                            </g>
                                                          </g>
                                                        </svg>
                                                      </div>
                                                      <p
                                                        class="ant-empty-description"
                                                      >
                                                        No Data
                                                      </p>
                                                    </div>
                                                  </td>
                                                </tr>
                                              </tbody>
                                            </table>
                                          </div>,
                                        },
                                      }
                                    }
                                    loading={false}
                                    pagination={false}
                                    prefixCls="ant-table"
                                    rowClassName={[Function]}
                                    rowKey={[Function]}
                                    transformColumns={[Function]}
                                  >
                                    <div
                                      className="ant-table"
                                    >
                                      <Component
                                        pingLeft={false}
                                        pingRight={false}
                                        props={
                                          Object {
                                            "className": "",
                                            "columns": Array [
                                              Object {
                                                "dataIndex": "id",
                                                "editable": false,
                                                "key": "id",
                                                "title": "ID",
                                              },
                                              Object {
                                                "dataIndex": "url",
                                                "editable": true,
                                                "key": "url",
                                                "onCell": [Function],
                                                "title": "URL",
                                              },
                                              Object {
                                                "dataIndex": "id",
                                                "editable": false,
                                                "key": "id",
                                                "render": [Function],
                                                "title": "都道府県",
                                              },
                                              Object {
                                                "dataIndex": "operation",
                                                "editable": false,
                                                "render": [Function],
                                                "title": "操作",
                                                "width": "14rem",
                                              },
                                            ],
                                            "components": Object {
                                              "body": Object {
                                                "cell": [Function],
                                              },
                                            },
                                            "data": Array [],
                                            "dataSource": undefined,
                                            "direction": undefined,
                                            "emptyText": <Context.Consumer>
                                              [Function]
                                            </Context.Consumer>,
                                            "expandable": Object {
                                              "__PARENT_RENDER_ICON__": undefined,
                                              "expandIcon": [Function],
                                              "expandIconColumnIndex": undefined,
                                              "indentSize": 15,
                                            },
                                            "internalHooks": "rc-table-internal-hook",
                                            "internalRefs": Object {
                                              "body": Object {
                                                "current": <div
                                                  class="ant-table-content"
                                                >
                                                  <table
                                                    style="table-layout: auto;"
                                                  >
                                                    <colgroup>
                                                      <col />
                                                      <col />
                                                      <col />
                                                      <col
                                                        style="width: 14rem; min-width: 14rem;"
                                                      />
                                                    </colgroup>
                                                    <thead
                                                      class="ant-table-thead"
                                                    >
                                                      <tr>
                                                        <th
                                                          class="ant-table-cell"
                                                        >
                                                          ID
                                                        </th>
                                                        <th
                                                          class="ant-table-cell"
                                                        >
                                                          URL
                                                        </th>
                                                        <th
                                                          class="ant-table-cell"
                                                        >
                                                          都道府県
                                                        </th>
                                                        <th
                                                          class="ant-table-cell"
                                                        >
                                                          操作
                                                        </th>
                                                      </tr>
                                                    </thead>
                                                    <tbody
                                                      class="ant-table-tbody"
                                                    >
                                                      <tr
                                                        class="ant-table-placeholder"
                                                      >
                                                        <td
                                                          class="ant-table-cell"
                                                          colspan="4"
                                                        >
                                                          <div
                                                            class="ant-empty ant-empty-normal"
                                                          >
                                                            <div
                                                              class="ant-empty-image"
                                                            >
                                                              <svg
                                                                class="ant-empty-img-simple"
                                                                height="41"
                                                                viewBox="0 0 64 41"
                                                                width="64"
                                                                xmlns="http://www.w3.org/2000/svg"
                                                              >
                                                                <g
                                                                  fill="none"
                                                                  fill-rule="evenodd"
                                                                  transform="translate(0 1)"
                                                                >
                                                                  <ellipse
                                                                    class="ant-empty-img-simple-ellipse"
                                                                    cx="32"
                                                                    cy="33"
                                                                    rx="32"
                                                                    ry="7"
                                                                  />
                                                                  <g
                                                                    class="ant-empty-img-simple-g"
                                                                    fill-rule="nonzero"
                                                                  >
                                                                    <path
                                                                      d="M55 12.76L44.854 1.258C44.367.474 43.656 0 42.907 0H21.093c-.749 0-1.46.474-1.947 1.257L9 12.761V22h46v-9.24z"
                                                                    />
                                                                    <path
                                                                      class="ant-empty-img-simple-path"
                                                                      d="M41.613 15.931c0-1.605.994-2.93 2.227-2.931H55v18.137C55 33.26 53.68 35 52.05 35h-40.1C10.32 35 9 33.259 9 31.137V13h11.16c1.233 0 2.227 1.323 2.227 2.928v.022c0 1.605 1.005 2.901 2.237 2.901h14.752c1.232 0 2.237-1.308 2.237-2.913v-.007z"
                                                                    />
                                                                  </g>
                                                                </g>
                                                              </svg>
                                                            </div>
                                                            <p
                                                              class="ant-empty-description"
                                                            >
                                                              No Data
                                                            </p>
                                                          </div>
                                                        </td>
                                                      </tr>
                                                    </tbody>
                                                  </table>
                                                </div>,
                                              },
                                            },
                                            "loading": false,
                                            "mergedExpandedKeys": Set {},
                                            "pagination": false,
                                            "prefixCls": "ant-table",
                                            "rowClassName": [Function],
                                            "rowKey": [Function],
                                            "stickyOffsets": Object {
                                              "left": Array [
                                                0,
                                                0,
                                                0,
                                                0,
                                              ],
                                              "right": Array [
                                                0,
                                                0,
                                                0,
                                                0,
                                              ],
                                            },
                                            "transformColumns": [Function],
                                          }
                                        }
                                      >
                                        <div
                                          className="ant-table-container"
                                        >
                                          <div
                                            className="ant-table-content"
                                            onScroll={[Function]}
                                            style={Object {}}
                                          >
                                            <table
                                              style={
                                                Object {
                                                  "tableLayout": "auto",
                                                }
                                              }
                                            >
                                              <ColGroup
                                                colWidths={
                                                  Array [
                                                    undefined,
                                                    undefined,
                                                    undefined,
                                                    "14rem",
                                                  ]
                                                }
                                                columns={
                                                  Array [
                                                    Object {
                                                      "dataIndex": "id",
                                                      "editable": false,
                                                      "fixed": undefined,
                                                      "key": "id",
                                                      "title": "ID",
                                                    },
                                                    Object {
                                                      "dataIndex": "url",
                                                      "editable": true,
                                                      "fixed": undefined,
                                                      "key": "url",
                                                      "onCell": [Function],
                                                      "title": "URL",
                                                    },
                                                    Object {
                                                      "dataIndex": "id",
                                                      "editable": false,
                                                      "fixed": undefined,
                                                      "key": "id",
                                                      "render": [Function],
                                                      "title": "都道府県",
                                                    },
                                                    Object {
                                                      "dataIndex": "operation",
                                                      "editable": false,
                                                      "fixed": undefined,
                                                      "render": [Function],
                                                      "title": "操作",
                                                      "width": "14rem",
                                                    },
                                                  ]
                                                }
                                              >
                                                <colgroup>
                                                  <col
                                                    key="0"
                                                    style={
                                                      Object {
                                                        "minWidth": undefined,
                                                        "width": undefined,
                                                      }
                                                    }
                                                  />
                                                  <col
                                                    key="1"
                                                    style={
                                                      Object {
                                                        "minWidth": undefined,
                                                        "width": undefined,
                                                      }
                                                    }
                                                  />
                                                  <col
                                                    key="2"
                                                    style={
                                                      Object {
                                                        "minWidth": undefined,
                                                        "width": undefined,
                                                      }
                                                    }
                                                  />
                                                  <col
                                                    key="3"
                                                    style={
                                                      Object {
                                                        "minWidth": "14rem",
                                                        "width": "14rem",
                                                      }
                                                    }
                                                  />
                                                </colgroup>
                                              </ColGroup>
                                              <Header
                                                colWidths={
                                                  Array [
                                                    undefined,
                                                    undefined,
                                                    undefined,
                                                    undefined,
                                                  ]
                                                }
                                                columCount={4}
                                                columns={
                                                  Array [
                                                    Object {
                                                      "dataIndex": "id",
                                                      "editable": false,
                                                      "key": "id",
                                                      "title": "ID",
                                                    },
                                                    Object {
                                                      "dataIndex": "url",
                                                      "editable": true,
                                                      "key": "url",
                                                      "onCell": [Function],
                                                      "title": "URL",
                                                    },
                                                    Object {
                                                      "dataIndex": "id",
                                                      "editable": false,
                                                      "key": "id",
                                                      "render": [Function],
                                                      "title": "都道府県",
                                                    },
                                                    Object {
                                                      "dataIndex": "operation",
                                                      "editable": false,
                                                      "render": [Function],
                                                      "title": "操作",
                                                      "width": "14rem",
                                                    },
                                                  ]
                                                }
                                                flattenColumns={
                                                  Array [
                                                    Object {
                                                      "dataIndex": "id",
                                                      "editable": false,
                                                      "fixed": undefined,
                                                      "key": "id",
                                                      "title": "ID",
                                                    },
                                                    Object {
                                                      "dataIndex": "url",
                                                      "editable": true,
                                                      "fixed": undefined,
                                                      "key": "url",
                                                      "onCell": [Function],
                                                      "title": "URL",
                                                    },
                                                    Object {
                                                      "dataIndex": "id",
                                                      "editable": false,
                                                      "fixed": undefined,
                                                      "key": "id",
                                                      "render": [Function],
                                                      "title": "都道府県",
                                                    },
                                                    Object {
                                                      "dataIndex": "operation",
                                                      "editable": false,
                                                      "fixed": undefined,
                                                      "render": [Function],
                                                      "title": "操作",
                                                      "width": "14rem",
                                                    },
                                                  ]
                                                }
                                                stickyOffsets={
                                                  Object {
                                                    "left": Array [
                                                      0,
                                                      0,
                                                      0,
                                                      0,
                                                    ],
                                                    "right": Array [
                                                      0,
                                                      0,
                                                      0,
                                                      0,
                                                    ],
                                                  }
                                                }
                                              >
                                                <thead
                                                  className="ant-table-thead"
                                                >
                                                  <HeaderRow
                                                    cellComponent="th"
                                                    cells={
                                                      Array [
                                                        Object {
                                                          "children": "ID",
                                                          "className": "",
                                                          "colEnd": 0,
                                                          "colSpan": 1,
                                                          "colStart": 0,
                                                          "column": Object {
                                                            "dataIndex": "id",
                                                            "editable": false,
                                                            "key": "id",
                                                            "title": "ID",
                                                          },
                                                          "key": "id",
                                                          "rowSpan": 1,
                                                        },
                                                        Object {
                                                          "children": "URL",
                                                          "className": "",
                                                          "colEnd": 1,
                                                          "colSpan": 1,
                                                          "colStart": 1,
                                                          "column": Object {
                                                            "dataIndex": "url",
                                                            "editable": true,
                                                            "key": "url",
                                                            "onCell": [Function],
                                                            "title": "URL",
                                                          },
                                                          "key": "url",
                                                          "rowSpan": 1,
                                                        },
                                                        Object {
                                                          "children": "都道府県",
                                                          "className": "",
                                                          "colEnd": 2,
                                                          "colSpan": 1,
                                                          "colStart": 2,
                                                          "column": Object {
                                                            "dataIndex": "id",
                                                            "editable": false,
                                                            "key": "id",
                                                            "render": [Function],
                                                            "title": "都道府県",
                                                          },
                                                          "key": "id",
                                                          "rowSpan": 1,
                                                        },
                                                        Object {
                                                          "children": "操作",
                                                          "className": "",
                                                          "colEnd": 3,
                                                          "colSpan": 1,
                                                          "colStart": 3,
                                                          "column": Object {
                                                            "dataIndex": "operation",
                                                            "editable": false,
                                                            "render": [Function],
                                                            "title": "操作",
                                                            "width": "14rem",
                                                          },
                                                          "key": undefined,
                                                          "rowSpan": 1,
                                                        },
                                                      ]
                                                    }
                                                    flattenColumns={
                                                      Array [
                                                        Object {
                                                          "dataIndex": "id",
                                                          "editable": false,
                                                          "fixed": undefined,
                                                          "key": "id",
                                                          "title": "ID",
                                                        },
                                                        Object {
                                                          "dataIndex": "url",
                                                          "editable": true,
                                                          "fixed": undefined,
                                                          "key": "url",
                                                          "onCell": [Function],
                                                          "title": "URL",
                                                        },
                                                        Object {
                                                          "dataIndex": "id",
                                                          "editable": false,
                                                          "fixed": undefined,
                                                          "key": "id",
                                                          "render": [Function],
                                                          "title": "都道府県",
                                                        },
                                                        Object {
                                                          "dataIndex": "operation",
                                                          "editable": false,
                                                          "fixed": undefined,
                                                          "render": [Function],
                                                          "title": "操作",
                                                          "width": "14rem",
                                                        },
                                                      ]
                                                    }
                                                    index={0}
                                                    key="0"
                                                    rowComponent="tr"
                                                    stickyOffsets={
                                                      Object {
                                                        "left": Array [
                                                          0,
                                                          0,
                                                          0,
                                                          0,
                                                        ],
                                                        "right": Array [
                                                          0,
                                                          0,
                                                          0,
                                                          0,
                                                        ],
                                                      }
                                                    }
                                                  >
                                                    <tr>
                                                      <Cell
                                                        className=""
                                                        colEnd={0}
                                                        colSpan={1}
                                                        colStart={0}
                                                        column={
                                                          Object {
                                                            "dataIndex": "id",
                                                            "editable": false,
                                                            "key": "id",
                                                            "title": "ID",
                                                          }
                                                        }
                                                        component="th"
                                                        firstFixLeft={false}
                                                        firstFixRight={false}
                                                        key="id"
                                                        lastFixLeft={false}
                                                        lastFixRight={false}
                                                        prefixCls="ant-table"
                                                        rowSpan={1}
                                                      >
                                                        <th
                                                          className="ant-table-cell"
                                                          colSpan={null}
                                                          rowSpan={null}
                                                          style={Object {}}
                                                        >
                                                          ID
                                                        </th>
                                                      </Cell>
                                                      <Cell
                                                        className=""
                                                        colEnd={1}
                                                        colSpan={1}
                                                        colStart={1}
                                                        column={
                                                          Object {
                                                            "dataIndex": "url",
                                                            "editable": true,
                                                            "key": "url",
                                                            "onCell": [Function],
                                                            "title": "URL",
                                                          }
                                                        }
                                                        component="th"
                                                        firstFixLeft={false}
                                                        firstFixRight={false}
                                                        key="url"
                                                        lastFixLeft={false}
                                                        lastFixRight={false}
                                                        prefixCls="ant-table"
                                                        rowSpan={1}
                                                      >
                                                        <th
                                                          className="ant-table-cell"
                                                          colSpan={null}
                                                          rowSpan={null}
                                                          style={Object {}}
                                                        >
                                                          URL
                                                        </th>
                                                      </Cell>
                                                      <Cell
                                                        className=""
                                                        colEnd={2}
                                                        colSpan={1}
                                                        colStart={2}
                                                        column={
                                                          Object {
                                                            "dataIndex": "id",
                                                            "editable": false,
                                                            "key": "id",
                                                            "render": [Function],
                                                            "title": "都道府県",
                                                          }
                                                        }
                                                        component="th"
                                                        firstFixLeft={false}
                                                        firstFixRight={false}
                                                        key="id_next"
                                                        lastFixLeft={false}
                                                        lastFixRight={false}
                                                        prefixCls="ant-table"
                                                        rowSpan={1}
                                                      >
                                                        <th
                                                          className="ant-table-cell"
                                                          colSpan={null}
                                                          rowSpan={null}
                                                          style={Object {}}
                                                        >
                                                          都道府県
                                                        </th>
                                                      </Cell>
                                                      <Cell
                                                        className=""
                                                        colEnd={3}
                                                        colSpan={1}
                                                        colStart={3}
                                                        column={
                                                          Object {
                                                            "dataIndex": "operation",
                                                            "editable": false,
                                                            "render": [Function],
                                                            "title": "操作",
                                                            "width": "14rem",
                                                          }
                                                        }
                                                        component="th"
                                                        firstFixLeft={false}
                                                        firstFixRight={false}
                                                        key="operation"
                                                        lastFixLeft={false}
                                                        lastFixRight={false}
                                                        prefixCls="ant-table"
                                                        rowSpan={1}
                                                      >
                                                        <th
                                                          className="ant-table-cell"
                                                          colSpan={null}
                                                          rowSpan={null}
                                                          style={Object {}}
                                                        >
                                                          操作
                                                        </th>
                                                      </Cell>
                                                    </tr>
                                                  </HeaderRow>
                                                </thead>
                                              </Header>
                                              <Body
                                                childrenColumnName="children"
                                                data={Array []}
                                                emptyNode={
                                                  <Context.Consumer>
                                                    [Function]
                                                  </Context.Consumer>
                                                }
                                                expandedKeys={Set {}}
                                                getRowKey={[Function]}
                                                stickyOffsets={
                                                  Object {
                                                    "left": Array [
                                                      0,
                                                      0,
                                                      0,
                                                      0,
                                                    ],
                                                    "right": Array [
                                                      0,
                                                      0,
                                                      0,
                                                      0,
                                                    ],
                                                  }
                                                }
                                              >
                                                <tbody
                                                  className="ant-table-tbody"
                                                >
                                                  <ExpandedRow
                                                    cellComponent={[Function]}
                                                    className="ant-table-placeholder"
                                                    colSpan={4}
                                                    component="tr"
                                                    componentWidth={0}
                                                    expanded={true}
                                                    fixHeader={false}
                                                    prefixCls="ant-table"
                                                  >
                                                    <tr
                                                      className="ant-table-placeholder"
                                                      style={
                                                        Object {
                                                          "display": null,
                                                        }
                                                      }
                                                    >
                                                      <Cell
                                                        colSpan={4}
                                                        component={[Function]}
                                                        prefixCls="ant-table"
                                                      >
                                                        <_default
                                                          className="ant-table-cell"
                                                          colSpan={4}
                                                          rowSpan={null}
                                                          style={Object {}}
                                                        >
                                                          <td
                                                            className="ant-table-cell"
                                                            colSpan={4}
                                                            rowSpan={null}
                                                            style={Object {}}
                                                          >
                                                            <Empty
                                                              image={<Simple />}
                                                            >
                                                              <LocaleReceiver
                                                                componentName="Empty"
                                                              >
                                                                <div
                                                                  className="ant-empty ant-empty-normal"
                                                                >
                                                                  <div
                                                                    className="ant-empty-image"
                                                                  >
                                                                    <Simple>
                                                                      <svg
                                                                        className="ant-empty-img-simple"
                                                                        height="41"
                                                                        viewBox="0 0 64 41"
                                                                        width="64"
                                                                        xmlns="http://www.w3.org/2000/svg"
                                                                      >
                                                                        <g
                                                                          fill="none"
                                                                          fillRule="evenodd"
                                                                          transform="translate(0 1)"
                                                                        >
                                                                          <ellipse
                                                                            className="ant-empty-img-simple-ellipse"
                                                                            cx="32"
                                                                            cy="33"
                                                                            rx="32"
                                                                            ry="7"
                                                                          />
                                                                          <g
                                                                            className="ant-empty-img-simple-g"
                                                                            fillRule="nonzero"
                                                                          >
                                                                            <path
                                                                              d="M55 12.76L44.854 1.258C44.367.474 43.656 0 42.907 0H21.093c-.749 0-1.46.474-1.947 1.257L9 12.761V22h46v-9.24z"
                                                                            />
                                                                            <path
                                                                              className="ant-empty-img-simple-path"
                                                                              d="M41.613 15.931c0-1.605.994-2.93 2.227-2.931H55v18.137C55 33.26 53.68 35 52.05 35h-40.1C10.32 35 9 33.259 9 31.137V13h11.16c1.233 0 2.227 1.323 2.227 2.928v.022c0 1.605 1.005 2.901 2.237 2.901h14.752c1.232 0 2.237-1.308 2.237-2.913v-.007z"
                                                                            />
                                                                          </g>
                                                                        </g>
                                                                      </svg>
                                                                    </Simple>
                                                                  </div>
                                                                  <p
                                                                    className="ant-empty-description"
                                                                  >
                                                                    No Data
                                                                  </p>
                                                                </div>
                                                              </LocaleReceiver>
                                                            </Empty>
                                                          </td>
                                                        </_default>
                                                      </Cell>
                                                    </tr>
                                                  </ExpandedRow>
                                                </tbody>
                                              </Body>
                                            </table>
                                          </div>
                                        </div>
                                      </Component>
                                    </div>
                                  </Table>
                                </div>
                              </div>
                            </Spin>
                          </div>
                        </Table>
                      </ForwardRef(Form)>
                    </SizeContextProvider>
                  </ForwardRef(InternalForm)>
                </_default>
              </section>
            </div>
          </StyledComponent>
        </styled.div>
      </_default>
    </Router>
  </MemoryRouter>
</Provider>
`;
