// Jest Snapshot v1, https://goo.gl/fbAQLP

exports[`Sidebar should render correctly 1`] = `
<Sider>
  <styled.div>
    Logo
  </styled.div>
  <Menu
    mode="inline"
    selectedKeys={
      Array [
        "0",
      ]
    }
    theme="dark"
  >
    <MenuItem
      key="0"
    >
      <Link
        to="/"
      >
        <Icon
          type="user"
        />
        <span>
          ダッシュボード
        </span>
      </Link>
    </MenuItem>
    <MenuItem
      key="1"
    >
      <Link
        to="/items"
      >
        <Icon
          type="user"
        />
        <span>
          一覧temp
        </span>
      </Link>
    </MenuItem>
  </Menu>
</Sider>
`;
